// Jest Snapshot v1, https://goo.gl/fbAQLP

exports[`Root App Should render correctly 1`] = `
<Memo(List)
  items={
    Array [
      Object {
        "id": 1,
        "title": "Title 1",
      },
      Object {
        "id": 2,
        "title": "Title 2",
      },
      Object {
        "id": 3,
        "title": "Title 3",
      },
    ]
  }
/>
`;
